  Determining projects to restore...
  All projects are up-to-date for restore.
  2D_RPG -> /app/2D_RPG/2D_RPG/bin/Debug/net10.0/2D_RPG.dll
  2D_RPG.Tests -> /app/2D_RPG/2D_RPG.Tests/bin/Debug/net10.0/2D_RPG.Tests.dll
Test run for /app/2D_RPG/2D_RPG.Tests/bin/Debug/net10.0/2D_RPG.Tests.dll (.NETCoreApp,Version=v10.0)
VSTest version 18.0.1 (x64)

Starting test execution, please wait...
A total of 1 test files matched the specified pattern.
